<html>
<body>
<pre>
<h1>µVision Build Log</h1>
<h2>Project:</h2>
Y:\PROJ\CODE\STM32\F4\UAC2-HS\USBAudioHS.uvproj
Project File Date:  02/24/2025

<h2>Output:</h2>
Rebuild target 'HS9018'
assembling startup_stm32f40_41xxx.s...
compiling misc.c...
compiling stm32f4xx_dma.c...
compiling stm32f4xx_gpio.c...
compiling stm32f4xx_rcc.c...
compiling stm32f4xx_spi.c...
compiling stm32f4xx_tim.c...
compiling stm32f4xx_usart.c...
compiling usb_core.c...
compiling usb_dcd.c...
compiling usb_dcd_int.c...
compiling usbd_core.c...
compiling usbd_ioreq.c...
compiling usbd_req.c...
compiling usbd_usr.c...
compiling usbd_desc.c...
compiling usb_bsp.c...
compiling stm32f4xx_exti.c...
compiling tinyprintf.c...
compiling usart.c...
compiling io.c...
compiling audio_out.c...
compiling main.c...
compiling stm32f4xx_it.c...
compiling system_stm32f4xx.c...
compiling usbd_audio2_core.c...
compiling cm_backtrace.c...
assembling cmb_fault.S...
linking...
Program Size: Code=18172 RO-data=2876 RW-data=588 ZI-data=20956  
FromELF: creating hex file...
".\OBJ\HS.axf" - 0 Error(s), 0 Warning(s).
Load "Y:\\PROJ\\CODE\\STM32\\F4\\UAC2-HS\\OBJ\\HS.axf" 
* JLink Info: Device "UNSPECIFIED" selected (0 KB flash, 0 KB RAM).
Set JLink Project File to "Y:\PROJ\CODE\STM32\F4\UAC2-HS\JLinkSettings.ini"
* JLink Info: Device "UNSPECIFIED" selected (0 KB flash, 0 KB RAM).
 
JLink info:
------------
DLL: V4.80g, compiled Feb 13 2014 20:50:02
Firmware: J-Link J-Link V21 compiled Oct  7 2016 13:13:58
Hardware: V1.00
S/N : 775836809 
 
* JLink Info: Found SWD-DP with ID 0x2BA01477
* JLink Info: Found Cortex-M4 r0p1, Little endian.
* JLink Info: FPUnit: 6 code (BP) slots and 2 literal slots
* JLink Info: TPIU fitted.
* JLink Info: ETM fitted.
ROMTableAddr = 0xE00FF003
 
Target info:
------------
Device: STM32F407ZE
VTarget = 3.300V
State of Pins: 
TCK: 32, TDI: 128, TDO: 64, TMS: 0, TRES: 1, TRST: 255
Hardware-Breakpoints: 6
Software-Breakpoints: 8192
Watchpoints:          4
JTAG speed: 2000 kHz
 
Erase Done.
Programming Done.
Verify OK.
Application running ...
rget = 3.300V
State of Pins: 
TCK: 32, TDI: 128, TDO: 64, TMS: 0, TRES: 1, TRST: 255
Hardware-Breakpoints: 6
Software-Breakpoints: 8192
Watchpoints:          4
JTAG speed: 2000 kHz
 
Erase Done.
Programming Done.
Verify OK.
Application running ...
